#-----------------------------------------------------------
# Vivado v2023.1 (64-bit)
# SW Build 3865809 on Sun May  7 15:05:29 MDT 2023
# IP Build 3864474 on Sun May  7 20:36:21 MDT 2023
# SharedData Build 3865790 on Sun May 07 13:33:03 MDT 2023
# Start of session at: Fri Dec 29 20:28:09 2023
# Process ID: 12716
# Current directory: C:/Users/oshan/Desktop/hdlproj/HDL_FPGA_Guitar_FX
# Command line: vivado.exe -gui_launcher_event rodinguilauncherevent12676 C:\Users\oshan\Desktop\hdlproj\HDL_FPGA_Guitar_FX\HDL_Project.xpr
# Log file: C:/Users/oshan/Desktop/hdlproj/HDL_FPGA_Guitar_FX/vivado.log
# Journal file: C:/Users/oshan/Desktop/hdlproj/HDL_FPGA_Guitar_FX\vivado.jou
# Running On: oshanath-window, OS: Windows, CPU Frequency: 2304 MHz, CPU Physical cores: 4, Host memory: 17063 MB
#-----------------------------------------------------------
start_gui
open_project C:/Users/oshan/Desktop/hdlproj/HDL_FPGA_Guitar_FX/HDL_Project.xpr
update_compile_order -fileset sources_1
# Disabling source management mode.  This is to allow the top design properties to be set without GUI intervention.
set_property source_mgmt_mode None [current_project]
set_property top DistortionEffect [current_fileset]
# Re-enabling previously disabled source management mode.
set_property source_mgmt_mode All [current_project]
update_compile_order -fileset sources_1
# Disabling source management mode.  This is to allow the top design properties to be set without GUI intervention.
set_property source_mgmt_mode None [current_project]
set_property top DistortionSim [get_filesets sim_1]
set_property top_lib xil_defaultlib [get_filesets sim_1]
# Re-enabling previously disabled source management mode.
set_property source_mgmt_mode All [current_project]
update_compile_order -fileset sim_1
launch_simulation
source DistortionSim.tcl
close_sim
launch_simulation
source DistortionSim.tcl
close_sim
launch_simulation
source DistortionSim.tcl
close_sim
launch_simulation
source DistortionSim.tcl
close_sim
launch_simulation
source DistortionSim.tcl
close_sim
launch_simulation
source DistortionSim.tcl
close_sim
launch_simulation
source DistortionSim.tcl
close_sim
launch_simulation
source DistortionSim.tcl
relaunch_sim
close_sim
launch_simulation
source DistortionSim.tcl
close_sim
launch_simulation
source DistortionSim.tcl
close_sim
